// Jest Snapshot v1, https://goo.gl/fbAQLP

exports[`pruebas en Search Page debe mostrarse correctamente con los valores por defecto 1`] = `
<div>
  <h1>
    Search
  </h1>
  <hr />
  <div
    class="row"
  >
    <div
      class="col-5"
    >
      <h4>
        searching
      </h4>
      <hr />
      <form>
        <input
          autocomplete="off"
          class="form-control"
          name="searchText"
          placeholder="search a hero"
          type="text"
          value=""
        />
        <button
          class="btn btn-primary mt-3"
        >
          Search
        </button>
      </form>
    </div>
    <div
      class="col-7"
    >
      <h4>
        Result
      </h4>
      <hr />
      <div
        class="alert alert-primary animate__animated animate__flipInX"
      >
        search a hero
      </div>
      <div
        aria-label="alert-hero"
        class="alert alert-danger animate__animated animate__flipInX"
        style="display: none;"
      >
        no result 
      </div>
      <div
        class=""
      />
    </div>
  </div>
</div>
`;
